../Core/Src/cli_uart.c:53:13:CLI_UART_Send	16	static
../Core/Src/cli_uart.c:70:6:CLI_UART_Print	16	static
../Core/Src/cli_uart.c:79:6:CLI_UART_Printf	144	static
../Core/Src/cli_uart.c:95:6:CLI_UART_OnRxByte	24	static
../Core/Src/cli_uart.c:113:12:CLI_RX_GetChar	16	static
../Core/Src/cli_uart.c:132:6:CLI_UART_Init	8	static
../Core/Src/cli_uart.c:158:6:CLI_UART_Process	16	static
../Core/Src/cli_uart.c:220:13:CLI_ShowHelp	8	static
../Core/Src/cli_uart.c:233:13:CLI_RLED_On	8	static
../Core/Src/cli_uart.c:238:13:CLI_RLED_Off	8	static
../Core/Src/cli_uart.c:242:13:CLI_LED_Stop	8	static
../Core/Src/cli_uart.c:246:13:CLI_LED_Set	24	static
../Core/Src/cli_uart.c:254:13:CLI_PWM_Stop	8	static
../Core/Src/cli_uart.c:258:13:CLI_PWM_Set	16	static
../Core/Src/cli_uart.c:262:13:CLI_Echo	4	static
../Core/Src/cli_uart.c:270:13:CLI_State	16	static
../Core/Src/cli_uart.c:289:13:CLI_HandleLine	40	static
../Core/Src/cli_uart.c:383:6:CLI_UART_RxCallback	8	static
