../Core/Src/mqtt_client.c:78:6:mqtt_app_init	16	static
../Core/Src/mqtt_client.c:97:6:mqtt_app_start	4	static
../Core/Src/mqtt_client.c:102:6:mqtt_app_stop	8	static
../Core/Src/mqtt_client.c:113:13:mqtt_app_reset_runtime	16	static
../Core/Src/mqtt_client.c:130:9:mqtt_app_is_connected	4	static
../Core/Src/mqtt_client.c:135:9:mqtt_app_is_subscribed	4	static
../Core/Src/mqtt_client.c:140:9:mqtt_app_rx_ready	4	static
../Core/Src/mqtt_client.c:145:13:mqtt_app_rx_topic	4	static
../Core/Src/mqtt_client.c:150:16:mqtt_app_rx_data	4	static
../Core/Src/mqtt_client.c:155:7:mqtt_app_rx_len	4	static
../Core/Src/mqtt_client.c:160:6:mqtt_app_rx_clear	4	static
../Core/Src/mqtt_client.c:167:7:mqtt_app_publish	24	static
../Core/Src/mqtt_client.c:193:13:mqtt_connection_cb	32	static
../Core/Src/mqtt_client.c:218:13:mqtt_request_cb	24	static
../Core/Src/mqtt_client.c:243:13:mqtt_incoming_publish_cb	32	static
../Core/Src/mqtt_client.c:266:13:mqtt_incoming_data_cb	32	static
../Core/Src/mqtt_client.c:286:13:mqtt_try_connect	32	static
../Core/Src/mqtt_client.c:329:13:mqtt_try_subscribe	32	static
../Core/Src/mqtt_client.c:348:13:mqtt_try_publish	48	static
../Core/Src/mqtt_client.c:378:6:mqtt_app_process	8	static
