10:43:35 **** Incremental Build of configuration Debug for project SSY-CV2 ****
make -j4 all 
arm-none-eabi-gcc "../Core/Src/main.c" -mcpu=cortex-m4 -std=gnu11 -g3 -DDEBUG -DUSE_HAL_DRIVER -DSTM32F439xx -c -I../Core/Inc -I../Drivers/STM32F4xx_HAL_Driver/Inc -I../Drivers/STM32F4xx_HAL_Driver/Inc/Legacy -I../Drivers/CMSIS/Device/ST/STM32F4xx/Include -I../Drivers/CMSIS/Include -O0 -ffunction-sections -fdata-sections -Wall -fstack-usage -fcyclomatic-complexity -MMD -MP -MF"Core/Src/main.d" -MT"Core/Src/main.o" --specs=nano.specs -mfpu=fpv4-sp-d16 -mfloat-abi=hard -mthumb -o "Core/Src/main.o"
../Core/Src/main.c: In function 'main':
../Core/Src/main.c:102:3: warning: implicit declaration of function 'CLI_UART_Init'; did you mean 'HAL_UART_Init'? [-Wimplicit-function-declaration]
  102 |   CLI_UART_Init();
      |   ^~~~~~~~~~~~~
      |   HAL_UART_Init
../Core/Src/main.c:184:11: warning: implicit declaration of function 'CLI_UART_Process' [-Wimplicit-function-declaration]
  184 |           CLI_UART_Process();
      |           ^~~~~~~~~~~~~~~~
../Core/Src/main.c: In function 'HAL_UART_RxCpltCallback':
../Core/Src/main.c:251:17: warning: implicit declaration of function 'CLI_UART_RxCallback'; did you mean 'HAL_UART_RxCpltCallback'? [-Wimplicit-function-declaration]
  251 |                 CLI_UART_RxCallback();
      |                 ^~~~~~~~~~~~~~~~~~~
      |                 HAL_UART_RxCpltCallback
arm-none-eabi-gcc -o "SSY-CV2.elf" @"objects.list"   -mcpu=cortex-m4 -T"D:\xdudar03\SSY-CV2\STM32F439ZITX_FLASH.ld" --specs=nosys.specs -Wl,-Map="SSY-CV2.map" -Wl,--gc-sections -static --specs=nano.specs -mfpu=fpv4-sp-d16 -mfloat-abi=hard -mthumb -Wl,--start-group -lc -lm -Wl,--end-group
Finished building target: SSY-CV2.elf
 
arm-none-eabi-size  SSY-CV2.elf 
arm-none-eabi-objdump -h -S SSY-CV2.elf  > "SSY-CV2.list"
   text	   data	    bss	    dec	    hex	filename
  32000	    108	   4396	  36504	   8e98	SSY-CV2.elf
Finished building: default.size.stdout
 
Finished building: SSY-CV2.list
 

10:43:36 Build Finished. 0 errors, 3 warnings. (took 1s.274ms)

